Archive member included because of file (symbol)

f:/winavr-20100110/bin/../lib/gcc/avr/4.3.3/avr51\libgcc.a(_exit.o)
                              f:/winavr-20100110/bin/../lib/gcc/avr/4.3.3/../../../../avr/lib/avr51/crtusb1287.o (exit)
f:/winavr-20100110/bin/../lib/gcc/avr/4.3.3/avr51\libgcc.a(_clear_bss.o)
                              Button_debugger.o (__do_clear_bss)

Memory Configuration

Name             Origin             Length             Attributes
text             0x00000000         0x00020000         xr
data             0x00800060         0x0000ffa0         rw !x
eeprom           0x00810000         0x00010000         rw !x
fuse             0x00820000         0x00000400         rw !x
lock             0x00830000         0x00000400         rw !x
signature        0x00840000         0x00000400         rw !x
*default*        0x00000000         0xffffffff

Linker script and memory map

Address of section .data set to 0x800100
LOAD f:/winavr-20100110/bin/../lib/gcc/avr/4.3.3/../../../../avr/lib/avr51/crtusb1287.o
LOAD Button_debugger.o
LOAD f:/winavr-20100110/bin/../lib/gcc/avr/4.3.3/avr51\libgcc.a
LOAD f:/winavr-20100110/bin/../lib/gcc/avr/4.3.3/../../../../avr/lib/avr51\libc.a
LOAD f:/winavr-20100110/bin/../lib/gcc/avr/4.3.3/avr51\libgcc.a

.hash
 *(.hash)

.dynsym
 *(.dynsym)

.dynstr
 *(.dynstr)

.gnu.version
 *(.gnu.version)

.gnu.version_d
 *(.gnu.version_d)

.gnu.version_r
 *(.gnu.version_r)

.rel.init
 *(.rel.init)

.rela.init
 *(.rela.init)

.rel.text
 *(.rel.text)
 *(.rel.text.*)
 *(.rel.gnu.linkonce.t*)

.rela.text
 *(.rela.text)
 *(.rela.text.*)
 *(.rela.gnu.linkonce.t*)

.rel.fini
 *(.rel.fini)

.rela.fini
 *(.rela.fini)

.rel.rodata
 *(.rel.rodata)
 *(.rel.rodata.*)
 *(.rel.gnu.linkonce.r*)

.rela.rodata
 *(.rela.rodata)
 *(.rela.rodata.*)
 *(.rela.gnu.linkonce.r*)

.rel.data
 *(.rel.data)
 *(.rel.data.*)
 *(.rel.gnu.linkonce.d*)

.rela.data
 *(.rela.data)
 *(.rela.data.*)
 *(.rela.gnu.linkonce.d*)

.rel.ctors
 *(.rel.ctors)

.rela.ctors
 *(.rela.ctors)

.rel.dtors
 *(.rel.dtors)

.rela.dtors
 *(.rela.dtors)

.rel.got
 *(.rel.got)

.rela.got
 *(.rela.got)

.rel.bss
 *(.rel.bss)

.rela.bss
 *(.rela.bss)

.rel.plt
 *(.rel.plt)

.rela.plt
 *(.rela.plt)

.text           0x00000000      0x278
 *(.vectors)
 .vectors       0x00000000       0x98 f:/winavr-20100110/bin/../lib/gcc/avr/4.3.3/../../../../avr/lib/avr51/crtusb1287.o
                0x00000000                __vectors
 *(.vectors)
 *(.progmem.gcc*)
 *(.progmem*)
                0x00000098                . = ALIGN (0x2)
                0x00000098                __trampolines_start = .
 *(.trampolines)
 .trampolines   0x00000098        0x0 linker stubs
 *(.trampolines*)
                0x00000098                __trampolines_end = .
 *(.jumptables)
 *(.jumptables*)
 *(.lowtext)
 *(.lowtext*)
                0x00000098                __ctors_start = .
 *(.ctors)
                0x00000098                __ctors_end = .
                0x00000098                __dtors_start = .
 *(.dtors)
                0x00000098                __dtors_end = .
 SORT(*)(.ctors)
 SORT(*)(.dtors)
 *(.init0)
 .init0         0x00000098        0x0 f:/winavr-20100110/bin/../lib/gcc/avr/4.3.3/../../../../avr/lib/avr51/crtusb1287.o
                0x00000098                __init
 *(.init0)
 *(.init1)
 *(.init1)
 *(.init2)
 .init2         0x00000098        0xc f:/winavr-20100110/bin/../lib/gcc/avr/4.3.3/../../../../avr/lib/avr51/crtusb1287.o
 *(.init2)
 *(.init3)
 *(.init3)
 *(.init4)
 .init4         0x000000a4       0x1a f:/winavr-20100110/bin/../lib/gcc/avr/4.3.3/../../../../avr/lib/avr51/crtusb1287.o
                0x000000a4                __do_copy_data
 .init4         0x000000be       0x10 f:/winavr-20100110/bin/../lib/gcc/avr/4.3.3/avr51\libgcc.a(_clear_bss.o)
                0x000000be                __do_clear_bss
 *(.init4)
 *(.init5)
 *(.init5)
 *(.init6)
 *(.init6)
 *(.init7)
 *(.init7)
 *(.init8)
 *(.init8)
 *(.init9)
 .init9         0x000000ce        0x8 f:/winavr-20100110/bin/../lib/gcc/avr/4.3.3/../../../../avr/lib/avr51/crtusb1287.o
 *(.init9)
 *(.text)
 .text          0x000000d6        0x4 f:/winavr-20100110/bin/../lib/gcc/avr/4.3.3/../../../../avr/lib/avr51/crtusb1287.o
                0x000000d6                __vector_22
                0x000000d6                __vector_28
                0x000000d6                __vector_1
                0x000000d6                __vector_32
                0x000000d6                __vector_34
                0x000000d6                __vector_24
                0x000000d6                __vector_12
                0x000000d6                __bad_interrupt
                0x000000d6                __vector_31
                0x000000d6                __vector_35
                0x000000d6                __vector_3
                0x000000d6                __vector_23
                0x000000d6                __vector_30
                0x000000d6                __vector_25
                0x000000d6                __vector_11
                0x000000d6                __vector_13
                0x000000d6                __vector_17
                0x000000d6                __vector_19
                0x000000d6                __vector_7
                0x000000d6                __vector_27
                0x000000d6                __vector_33
                0x000000d6                __vector_37
                0x000000d6                __vector_4
                0x000000d6                __vector_9
                0x000000d6                __vector_2
                0x000000d6                __vector_21
                0x000000d6                __vector_15
                0x000000d6                __vector_36
                0x000000d6                __vector_29
                0x000000d6                __vector_8
                0x000000d6                __vector_26
                0x000000d6                __vector_14
                0x000000d6                __vector_10
                0x000000d6                __vector_16
                0x000000d6                __vector_18
                0x000000d6                __vector_20
 .text          0x000000da      0x19a Button_debugger.o
                0x000000f8                __vector_6
                0x00000116                mTimer
                0x00000218                __vector_default
                0x000000da                __vector_5
                0x000001ba                main
                0x00000186                PauseButton
                0x0000014e                RampDownButton
 .text          0x00000274        0x0 f:/winavr-20100110/bin/../lib/gcc/avr/4.3.3/avr51\libgcc.a(_exit.o)
 .text          0x00000274        0x0 f:/winavr-20100110/bin/../lib/gcc/avr/4.3.3/avr51\libgcc.a(_clear_bss.o)
                0x00000274                . = ALIGN (0x2)
 *(.text.*)
 .text.libgcc   0x00000274        0x0 f:/winavr-20100110/bin/../lib/gcc/avr/4.3.3/avr51\libgcc.a(_exit.o)
 .text.libgcc   0x00000274        0x0 f:/winavr-20100110/bin/../lib/gcc/avr/4.3.3/avr51\libgcc.a(_clear_bss.o)
                0x00000274                . = ALIGN (0x2)
 *(.fini9)
 .fini9         0x00000274        0x0 f:/winavr-20100110/bin/../lib/gcc/avr/4.3.3/avr51\libgcc.a(_exit.o)
                0x00000274                exit
                0x00000274                _exit
 *(.fini9)
 *(.fini8)
 *(.fini8)
 *(.fini7)
 *(.fini7)
 *(.fini6)
 *(.fini6)
 *(.fini5)
 *(.fini5)
 *(.fini4)
 *(.fini4)
 *(.fini3)
 *(.fini3)
 *(.fini2)
 *(.fini2)
 *(.fini1)
 *(.fini1)
 *(.fini0)
 .fini0         0x00000274        0x4 f:/winavr-20100110/bin/../lib/gcc/avr/4.3.3/avr51\libgcc.a(_exit.o)
 *(.fini0)
                0x00000278                _etext = .

.data           0x00800100        0x0 load address 0x00000278
                0x00800100                PROVIDE (__data_start, .)
 *(.data)
 .data          0x00800100        0x0 f:/winavr-20100110/bin/../lib/gcc/avr/4.3.3/../../../../avr/lib/avr51/crtusb1287.o
 .data          0x00800100        0x0 Button_debugger.o
 .data          0x00800100        0x0 f:/winavr-20100110/bin/../lib/gcc/avr/4.3.3/avr51\libgcc.a(_exit.o)
 .data          0x00800100        0x0 f:/winavr-20100110/bin/../lib/gcc/avr/4.3.3/avr51\libgcc.a(_clear_bss.o)
 *(.data*)
 *(.rodata)
 *(.rodata*)
 *(.gnu.linkonce.d*)
                0x00800100                . = ALIGN (0x2)
                0x00800100                _edata = .
                0x00800100                PROVIDE (__data_end, .)

.bss            0x00800100        0x3
                0x00800100                PROVIDE (__bss_start, .)
 *(.bss)
 .bss           0x00800100        0x0 f:/winavr-20100110/bin/../lib/gcc/avr/4.3.3/../../../../avr/lib/avr51/crtusb1287.o
 .bss           0x00800100        0x3 Button_debugger.o
                0x00800101                Pause
                0x00800100                STATE
                0x00800102                RampDown
 .bss           0x00800103        0x0 f:/winavr-20100110/bin/../lib/gcc/avr/4.3.3/avr51\libgcc.a(_exit.o)
 .bss           0x00800103        0x0 f:/winavr-20100110/bin/../lib/gcc/avr/4.3.3/avr51\libgcc.a(_clear_bss.o)
 *(.bss*)
 *(COMMON)
                0x00800103                PROVIDE (__bss_end, .)
                0x00000278                __data_load_start = LOADADDR (.data)
                0x00000278                __data_load_end = (__data_load_start + SIZEOF (.data))

.noinit         0x00800103        0x0
                0x00800103                PROVIDE (__noinit_start, .)
 *(.noinit*)
                0x00800103                PROVIDE (__noinit_end, .)
                0x00800103                _end = .
                0x00800103                PROVIDE (__heap_start, .)

.eeprom         0x00810000        0x0
 *(.eeprom*)
                0x00810000                __eeprom_end = .

.fuse
 *(.fuse)
 *(.lfuse)
 *(.hfuse)
 *(.efuse)

.lock
 *(.lock*)

.signature
 *(.signature*)

.stab
 *(.stab)

.stabstr
 *(.stabstr)

.stab.excl
 *(.stab.excl)

.stab.exclstr
 *(.stab.exclstr)

.stab.index
 *(.stab.index)

.stab.indexstr
 *(.stab.indexstr)

.comment
 *(.comment)

.debug
 *(.debug)

.line
 *(.line)

.debug_srcinfo
 *(.debug_srcinfo)

.debug_sfnames
 *(.debug_sfnames)

.debug_aranges  0x00000000       0x20
 *(.debug_aranges)
 .debug_aranges
                0x00000000       0x20 Button_debugger.o

.debug_pubnames
                0x00000000       0x9d
 *(.debug_pubnames)
 .debug_pubnames
                0x00000000       0x9d Button_debugger.o

.debug_info     0x00000000      0x181
 *(.debug_info)
 .debug_info    0x00000000      0x181 Button_debugger.o
 *(.gnu.linkonce.wi.*)

.debug_abbrev   0x00000000       0xc1
 *(.debug_abbrev)
 .debug_abbrev  0x00000000       0xc1 Button_debugger.o

.debug_line     0x00000000      0x23e
 *(.debug_line)
 .debug_line    0x00000000      0x23e Button_debugger.o

.debug_frame    0x00000000       0x80
 *(.debug_frame)
 .debug_frame   0x00000000       0x80 Button_debugger.o

.debug_str      0x00000000       0xfe
 *(.debug_str)
 .debug_str     0x00000000       0xfe Button_debugger.o
                                0x137 (size before relaxing)

.debug_loc      0x00000000       0x68
 *(.debug_loc)
 .debug_loc     0x00000000       0x68 Button_debugger.o

.debug_macinfo
 *(.debug_macinfo)
OUTPUT(Button_debugger.elf elf32-avr)
LOAD linker stubs
